[ec2-user@ip-10-1-1-169 ~]$ sudo yum install mysql
Loaded plugins: extras_suggestions, langpacks, priorities, update-motd
amzn2-core                                                                                                                                            | 3.7 kB  00:00:00     
Resolving Dependencies
--> Running transaction check
---> Package mariadb.x86_64 1:5.5.68-1.amzn2 will be installed
--> Finished Dependency Resolution

Dependencies Resolved

=============================================================================================================================================================================
 Package                               Arch                                 Version                                           Repository                                Size
=============================================================================================================================================================================
Installing:
 mariadb                               x86_64                               1:5.5.68-1.amzn2                                  amzn2-core                               8.8 M

Transaction Summary
=============================================================================================================================================================================
Install  1 Package

Total download size: 8.8 M
Installed size: 49 M
Is this ok [y/d/N]: N
Exiting on user command
Your transaction was saved, rerun it with:
 yum load-transaction /tmp/yum_save_tx.2022-10-03.12-37.ciBlEP.yumtx
[ec2-user@ip-10-1-1-169 ~]$ sudo yum install mysql-community-client
Loaded plugins: extras_suggestions, langpacks, priorities, update-motd
No package mysql-community-client available.
Error: Nothing to do
[ec2-user@ip-10-1-1-169 ~]$ sudo yum install mysql
Loaded plugins: extras_suggestions, langpacks, priorities, update-motd
Resolving Dependencies
--> Running transaction check
---> Package mariadb.x86_64 1:5.5.68-1.amzn2 will be installed
--> Finished Dependency Resolution

Dependencies Resolved

=============================================================================================================================================================================
 Package                               Arch                                 Version                                           Repository                                Size
=============================================================================================================================================================================
Installing:
 mariadb                               x86_64                               1:5.5.68-1.amzn2                                  amzn2-core                               8.8 M

Transaction Summary
=============================================================================================================================================================================
Install  1 Package

Total download size: 8.8 M
Installed size: 49 M
Is this ok [y/d/N]: y
Downloading packages:
mariadb-5.5.68-1.amzn2.x86_64.rpm                                                                                                                     | 8.8 MB  00:00:00     
Running transaction check
Running transaction test
Transaction test succeeded
Running transaction
  Installing : 1:mariadb-5.5.68-1.amzn2.x86_64                                                                                                                           1/1 
  Verifying  : 1:mariadb-5.5.68-1.amzn2.x86_64                                                                                                                           1/1 

Installed:
  mariadb.x86_64 1:5.5.68-1.amzn2                                                                                                                                            

Complete!
[ec2-user@ip-10-1-1-169 ~]$ mysql
ERROR 2002 (HY000): Can't connect to local MySQL server through socket '/var/lib/mysql/mysql.sock' (2)
[ec2-user@ip-10-1-1-169 ~]$ mysql -u admin -p -h ounitech-rds.ceggvslpa62s.us-east-1.rds.amazonaws.com
Enter password: 
Welcome to the MariaDB monitor.  Commands end with ; or \g.
Your MySQL connection id is 59
Server version: 8.0.28 Source distribution

Copyright (c) 2000, 2018, Oracle, MariaDB Corporation Ab and others.

Type 'help;' or '\h' for help. Type '\c' to clear the current input statement.

MySQL [(none)]> help

General information about MariaDB can be found at
http://mariadb.org

List of all MySQL commands:
Note that all text commands must be first on line and end with ';'
?         (\?) Synonym for `help'.
clear     (\c) Clear the current input statement.
connect   (\r) Reconnect to the server. Optional arguments are db and host.
delimiter (\d) Set statement delimiter.
edit      (\e) Edit command with $EDITOR.
ego       (\G) Send command to mysql server, display result vertically.
exit      (\q) Exit mysql. Same as quit.
go        (\g) Send command to mysql server.
help      (\h) Display this help.
nopager   (\n) Disable pager, print to stdout.
notee     (\t) Don't write into outfile.
pager     (\P) Set PAGER [to_pager]. Print the query results via PAGER.
print     (\p) Print current command.
prompt    (\R) Change your mysql prompt.
quit      (\q) Quit mysql.
rehash    (\#) Rebuild completion hash.
source    (\.) Execute an SQL script file. Takes a file name as an argument.
status    (\s) Get status information from the server.
system    (\!) Execute a system shell command.
tee       (\T) Set outfile [to_outfile]. Append everything into given outfile.
use       (\u) Use another database. Takes database name as argument.
charset   (\C) Switch to another charset. Might be needed for processing binlog with multi-byte charsets.
warnings  (\W) Show warnings after every statement.
nowarning (\w) Don't show warnings after every statement.

For server side help, type 'help contents'

MySQL [(none)]> status
--------------
mysql  Ver 15.1 Distrib 5.5.68-MariaDB, for Linux (x86_64) using readline 5.1

Connection id:		59
Current database:	
Current user:		admin@10.1.1.169
SSL:			Not in use
Current pager:		stdout
Using outfile:		''
Using delimiter:	;
Server:			MySQL
Server version:		8.0.28 Source distribution
Protocol version:	10
Connection:		ounitech-rds.ceggvslpa62s.us-east-1.rds.amazonaws.com via TCP/IP
Server characterset:	utf8mb4
Db     characterset:	utf8mb4
Client characterset:	utf8mb3
Conn.  characterset:	utf8mb3
TCP port:		3306
Uptime:			4 hours 10 min 5 sec

Threads: 4  Questions: 10649  Slow queries: 0  Opens: 202  Flush tables: 3  Open tables: 121  Queries per second avg: 0.709
--------------

MySQL [(none)]> show databases;
+--------------------+
| Database           |
+--------------------+
| information_schema |
| mysql              |
| performance_schema |
| sys                |
| udacity            |
+--------------------+
5 rows in set (0.02 sec)

MySQL [(none)]> use udacity
Database changed
MySQL [udacity]> show tables;
Empty set (0.00 sec)

MySQL [udacity]> show tables
    -> ;
Empty set (0.00 sec)

MySQL [udacity]> CREATE TABLE users(id INT AUTO_INCREMENT PRIMARY KEY, name VARCHAR(255) NOT NULL, created_at TIMESTAMP DEFAULT CURRENT_TIMESTAMP);
Query OK, 0 rows affected (0.13 sec)

MySQL [udacity]> show tables;
+-------------------+
| Tables_in_udacity |
+-------------------+
| users             |
+-------------------+
1 row in set (0.00 sec)

MySQL [udacity]> select * from users;
Empty set (0.00 sec)

MySQL [udacity]> insert into users name='mejdi';
ERROR 1064 (42000): You have an error in your SQL syntax; check the manual that corresponds to your MySQL server version for the right syntax to use near 'name='mejdi'' at line 1
MySQL [udacity]> insert into users(name) VALUES('mejdi');
Query OK, 1 row affected (0.02 sec)

MySQL [udacity]> select * from users;
+----+-------+---------------------+
| id | name  | created_at          |
+----+-------+---------------------+
|  1 | mejdi | 2022-10-03 12:49:08 |
+----+-------+---------------------+
1 row in set (0.00 sec)

MySQL [udacity]> insert into users(name) VALUES('khadija');
Query OK, 1 row affected (0.01 sec)

MySQL [udacity]> insert into users(name) VALUES('maryem');
Query OK, 1 row affected (0.02 sec)

MySQL [udacity]> insert into users(name) VALUES('abdou');
Query OK, 1 row affected (0.03 sec)

MySQL [udacity]> insert into users(name) VALUES('behcir');
Query OK, 1 row affected (0.02 sec)

MySQL [udacity]> select * from users;
+----+---------+---------------------+
| id | name    | created_at          |
+----+---------+---------------------+
|  1 | mejdi   | 2022-10-03 12:49:08 |
|  2 | khadija | 2022-10-03 12:49:20 |
|  3 | maryem  | 2022-10-03 12:49:29 |
|  4 | abdou   | 2022-10-03 12:49:35 |
|  5 | behcir  | 2022-10-03 12:49:43 |
+----+---------+---------------------+
5 rows in set (0.00 sec)

MySQL [udacity]> update user set name='bechir' where id=5;
ERROR 1146 (42S02): Table 'udacity.user' doesn't exist
MySQL [udacity]> update users set name='bechir' where id=5;
Query OK, 1 row affected (0.01 sec)
Rows matched: 1  Changed: 1  Warnings: 0

MySQL [udacity]> select * from users;
+----+---------+---------------------+
| id | name    | created_at          |
+----+---------+---------------------+
|  1 | mejdi   | 2022-10-03 12:49:08 |
|  2 | khadija | 2022-10-03 12:49:20 |
|  3 | maryem  | 2022-10-03 12:49:29 |
|  4 | abdou   | 2022-10-03 12:49:35 |
|  5 | bechir  | 2022-10-03 12:49:43 |
+----+---------+---------------------+
5 rows in set (0.00 sec)

MySQL [udacity]> 
MySQL [udacity]> select * from users;
+----+---------+---------------------+
| id | name    | created_at          |
+----+---------+---------------------+
|  1 | mejdi   | 2022-10-03 12:49:08 |
|  2 | khadija | 2022-10-03 12:49:20 |
|  3 | maryem  | 2022-10-03 12:49:29 |
|  4 | abdou   | 2022-10-03 12:49:35 |
|  5 | bechir  | 2022-10-03 12:49:43 |
+----+---------+---------------------+
5 rows in set (0.00 sec)

MySQL [udacity]> exit
Bye
